// Jest Snapshot v1, https://goo.gl/fbAQLP

exports[`Home page renders correctly 1`] = `
<div>
  <div
    className="d-flex justify-content-around align-items-center flex-wrap text-white hero"
  >
    <div
      className="d-flex justify-content-center"
    >
      <img
        alt=""
        className="pr"
        src="/logo192.png"
      />
      <div
        className="d-flex justify-content-left align-items-center"
      >
        <div
          className="mx-2"
        >
          <h1>
            Strawhats
          </h1>
          <h3>
            Auctions made easy.
          </h3>
          <ul
            className="pl-3 mt-3"
          >
            <li>
              <h5>
                Live Video Streaming
              </h5>
            </li>
            <li>
              <h5>
                Easy to use
              </h5>
            </li>
            <li>
              <h5>
                Free forever
              </h5>
            </li>
          </ul>
        </div>
      </div>
    </div>
    <img
      alt=""
      className="hero-img"
      src="hero.png"
    />
  </div>
  <div
    className="container"
  >
    <h1
      className="heading"
    >
      Featured Listings
    </h1>
    <div
      className="d-flex justify-content-around align-items-center flex-wrap"
    >
      <div
        className="mx-auto text-center my-5 container"
      >
        <div
          className="spinner-border"
          role="status"
        >
          <span
            className="visually-hidden"
          >
            Loading...
          </span>
        </div>
      </div>
    </div>
  </div>
</div>
`;
